B19234->(B19234->B19234)->B19234 Сх. акс. 0
B19234->B19234->B19234 Сх. акс. 0
(B19234->(B19234->B19234))->(B19234->(B19234->B19234)->B19234)->(B19234->B19234) Сх. акс. 1
(B19234->(B19234->B19234)->B19234)->(B19234->B19234) M.P. 1, 2
B19234->B19234 M.P. 0, 3
