A->B->A Сх. акс. 0
(A->B)->(A->B->C)->(A->C) Сх. акс. 1
A&B->A Сх. акс. 3
A&B->B Сх. акс. 4
A->B->A&B Сх. акс. 2
A->A|B Сх. акс. 5
B->A|B Сх. акс. 6
(A->Q)->(B->Q)->(A|B->Q) Сх. акс. 7
(A->B)->(A->!B)->!A Сх. акс. 8
!!A->A Сх. акс. 9
