(X->X)->(X->X)->(X->X) Сх. акс. 0
((X->X)->(X->X)->(X->X))->((X->X)->((X->X)->(X->X))->(X->X))->((X->X)->(X->X)) Сх. акс. 1
(X->X)->((X->X)->(X->X))->(X->X) Сх. акс. 0
((X->X)->((X->X)->(X->X))->(X->X))->((X->X)->(X->X)) M.P. 0, 1
(X->X)->(X->X)  M.P. 2, 3
X->X Не доказано
