A->B->A Сх. акс. 0
A->A->A Сх. акс. 0
B->A Не доказано
