B19234->(B19234->B19234)->B19234 Сх. акс. 0
(B19234->(B19234->B19234))->(B19234->(B19234->B19234)->B19234)->(B19234->B19234) Сх. акс. 1
(B19234->(B19234->B19234)->B19234)->(B19234->B19234) Не доказано
B19234->B19234 Не доказано
